// Jest Snapshot v1, https://goo.gl/fbAQLP

exports[`test <CarsSettings /> matches the snapshot 1`] = `
<div
  className="cars"
>
  <h6>
    Filtruj samochody:
  </h6>
  <div>
    <span>
      Tylko dostępne
    </span>
    <label
      className="switch"
    >
      <input
        defaultChecked={true}
        id="availableSwitcher"
        name="available"
        onChange={[Function]}
        type="checkbox"
      />
      <span
        className="slider round"
      />
    </label>
  </div>
  <label
    htmlFor="minBatteryLevelInput"
  >
    Minimalny procentowy poziom baterii samochodu
  </label>
  <div>
    <input
      id="minBatteryLevelLevel"
      max="100"
      min="0"
      name="minBatteryLevel"
      onChange={[Function]}
      type="range"
      value={0}
    />
    <input
      id=""
      max="100"
      min="0"
      name="minBatteryLevel"
      onChange={[Function]}
      type="number"
      value={0}
    />
    <span
      className="clear-input"
    >
       
    </span>
  </div>
  <label
    htmlFor="minRangeInput"
  >
    Minimalny zasięg kilometrów
  </label>
  <div>
    <input
      id="minRangeLevel"
      max="100"
      min="0"
      name="minRange"
      onChange={[Function]}
      type="range"
      value={0}
    />
    <input
      id=""
      max="100"
      min="0"
      name="minRange"
      onChange={[Function]}
      type="number"
      value={0}
    />
    <span
      className="clear-input"
    >
       
    </span>
  </div>
  <span>
     
  </span>
</div>
`;
